2025-05-19 13:28:00 | WARN | repo=pv243-2015-cdi-seminar | action=commit
2025-05-24 12:07:00 | DEBUG | repo=pv243-2015-cdi-seminar | action=pull
2025-05-21 15:26:00 | WARN | repo=pv243-2015-cdi-seminar | action=commit
2025-06-02 21:23:00 | WARN | repo=pv243-2015-cdi-seminar | action=commit
2025-06-18 08:43:00 | INFO | repo=pv243-2015-cdi-seminar | action=pull
2025-12-03 16:33:00 | DEBUG | repo=pv243-2015-cdi-seminar | action=commit
2025-03-22 08:48:00 | WARN | repo=pv243-2015-cdi-seminar | action=commit
2025-01-21 18:32:00 | INFO | repo=pv243-2015-cdi-seminar | action=commit
2025-04-17 13:59:00 | INFO | repo=pv243-2015-cdi-seminar | action=edit | files=5
2025-03-14 08:11:00 | INFO | repo=pv243-2015-cdi-seminar | action=test | passed=true
2025-03-24 20:14:00 | DEBUG | repo=pv243-2015-cdi-seminar | action=commit
2025-07-14 18:29:00 | WARN | repo=pv243-2015-cdi-seminar | action=commit
2025-06-01 08:45:00 | WARN | repo=pv243-2015-cdi-seminar | action=commit
2025-07-08 20:26:00 | WARN | repo=pv243-2015-cdi-seminar | action=pull
2025-10-17 09:19:00 | WARN | repo=pv243-2015-cdi-seminar | action=commit
2025-08-08 16:59:00 | DEBUG | repo=pv243-2015-cdi-seminar | action=commit
2025-05-06 07:47:00 | DEBUG | repo=pv243-2015-cdi-seminar | action=commit
2025-12-16 17:42:00 | DEBUG | repo=pv243-2015-cdi-seminar | action=commit
2025-11-12 09:36:00 | WARN | repo=pv243-2015-cdi-seminar | action=edit | files=3
2025-05-23 10:00:00 | INFO | repo=pv243-2015-cdi-seminar | action=pull
2025-06-12 21:25:00 | DEBUG | repo=pv243-2015-cdi-seminar | action=test | passed=true
2025-01-27 12:16:00 | INFO | repo=pv243-2015-cdi-seminar | action=commit
2025-05-23 14:25:00 | INFO | repo=pv243-2015-cdi-seminar | action=edit | files=4
2025-06-25 20:57:00 | INFO | repo=pv243-2015-cdi-seminar | action=commit
2025-11-27 11:08:00 | WARN | repo=pv243-2015-cdi-seminar | action=edit | files=3
2025-12-04 15:16:00 | DEBUG | repo=pv243-2015-cdi-seminar | action=edit | files=5
2025-12-08 19:00:00 | WARN | repo=pv243-2015-cdi-seminar | action=commit
2025-09-14 21:00:00 | DEBUG | repo=pv243-2015-cdi-seminar | action=commit
2025-06-10 13:43:00 | INFO | repo=pv243-2015-cdi-seminar | action=commit
2025-01-11 20:04:00 | INFO | repo=pv243-2015-cdi-seminar | action=edit | files=4
2025-12-03 10:46:00 | INFO | repo=pv243-2015-cdi-seminar | action=commit
2025-11-19 21:03:00 | DEBUG | repo=pv243-2015-cdi-seminar | action=commit
2025-05-03 21:57:00 | WARN | repo=pv243-2015-cdi-seminar | action=commit
2025-11-22 08:58:00 | WARN | repo=pv243-2015-cdi-seminar | action=commit
2025-05-22 21:16:00 | DEBUG | repo=pv243-2015-cdi-seminar | action=test | passed=true
2025-03-01 18:37:00 | DEBUG | repo=pv243-2015-cdi-seminar | action=pull
2025-03-28 15:45:00 | WARN | repo=pv243-2015-cdi-seminar | action=commit
2025-11-07 07:32:00 | DEBUG | repo=pv243-2015-cdi-seminar | action=commit
2025-11-18 08:06:00 | DEBUG | repo=pv243-2015-cdi-seminar | action=commit
2025-11-19 10:59:00 | INFO | repo=pv243-2015-cdi-seminar | action=pull
2025-09-05 18:32:00 | INFO | repo=pv243-2015-cdi-seminar | action=commit
